2025-12-07 15:05:23,581 [INFO] AudioLivreur started
2025-12-07 15:05:23,953 [DEBUG] STREAM b'IHDR' 16 13
2025-12-07 15:05:23,953 [DEBUG] STREAM b'sRGB' 41 1
2025-12-07 15:05:23,953 [DEBUG] STREAM b'IDAT' 54 8192
2025-12-07 15:05:23,954 [DEBUG] STREAM b'IHDR' 16 13
2025-12-07 15:05:23,954 [DEBUG] STREAM b'sRGB' 41 1
2025-12-07 15:05:23,954 [DEBUG] STREAM b'IDAT' 54 8192
2025-12-07 15:05:23,971 [ERROR] Failed to load splash: name 'ImageTk' is not defined
2025-12-07 15:05:24,572 [DEBUG] Using proactor: IocpProactor
2025-12-07 15:05:38,780 [INFO] AudioLivreur started
2025-12-07 15:05:38,870 [DEBUG] STREAM b'IHDR' 16 13
2025-12-07 15:05:38,870 [DEBUG] STREAM b'sRGB' 41 1
2025-12-07 15:05:38,871 [DEBUG] STREAM b'IDAT' 54 8192
2025-12-07 15:05:38,885 [DEBUG] STREAM b'IHDR' 16 13
2025-12-07 15:05:38,885 [DEBUG] STREAM b'sRGB' 41 1
2025-12-07 15:05:38,885 [DEBUG] STREAM b'IDAT' 54 8192
2025-12-07 15:05:39,116 [DEBUG] Using proactor: IocpProactor
2025-12-07 15:05:58,202 [INFO] on_closing called
2025-12-07 15:05:58,212 [INFO] Forcing exit
2025-12-07 15:05:59,271 [INFO] on_closing called
2025-12-07 15:05:59,278 [INFO] Forcing exit
2025-12-07 16:10:27,286 [INFO] AudioLivreur started
2025-12-07 16:10:27,612 [DEBUG] STREAM b'IHDR' 16 13
2025-12-07 16:10:27,613 [DEBUG] STREAM b'sRGB' 41 1
2025-12-07 16:10:27,614 [DEBUG] STREAM b'IDAT' 54 8192
2025-12-07 16:10:27,635 [DEBUG] STREAM b'IHDR' 16 13
2025-12-07 16:10:27,635 [DEBUG] STREAM b'sRGB' 41 1
2025-12-07 16:10:27,635 [DEBUG] STREAM b'IDAT' 54 8192
2025-12-07 16:10:28,184 [DEBUG] Using proactor: IocpProactor
2025-12-07 16:11:37,131 [INFO] AudioLivreur started
2025-12-07 16:11:37,348 [DEBUG] STREAM b'IHDR' 16 13
2025-12-07 16:11:37,348 [DEBUG] STREAM b'sRGB' 41 1
2025-12-07 16:11:37,349 [DEBUG] STREAM b'IDAT' 54 8192
2025-12-07 16:11:37,362 [DEBUG] STREAM b'IHDR' 16 13
2025-12-07 16:11:37,363 [DEBUG] STREAM b'sRGB' 41 1
2025-12-07 16:11:37,363 [DEBUG] STREAM b'IDAT' 54 8192
2025-12-07 16:11:37,749 [DEBUG] Using proactor: IocpProactor
